// Jest Snapshot v1, https://goo.gl/fbAQLP

exports[`BookingForm Renders without error 1`] = `
<DocumentFragment>
  <div
    class="bookingForm"
  >
    <div>
      <hr />
    </div>
    <div
      class="availabilityTable mdc-data-table rmwc-data-table--sticky-rows rmwc-data-table--sticky-rows-1"
    >
      <table
        class="mdc-data-table__table"
      >
        <thead
          class="rmwc-data-table__head"
        >
          <tr
            class="rmwc-data-table__row mdc-data-table__header-row"
          >
            <th
              class="tableColumnConstrained rmwc-data-table__cell mdc-data-table__header-cell"
              role="columnheader"
              scope="col"
            >
              Advisor ID
            </th>
            <th
              class="tableColumnConstrained rmwc-data-table__cell mdc-data-table__header-cell"
              role="columnheader"
              scope="col"
            >
              Availabilities
            </th>
            <th
              class="rmwc-data-table__cell mdc-data-table__header-cell"
              role="columnheader"
              scope="col"
            />
          </tr>
        </thead>
        <tbody
          class="mdc-data-table__content"
        >
          <tr
            class="rmwc-data-table__row mdc-data-table__row"
          >
            <td
              class="mdc-data-table__cell rmwc-data-table__cell"
            />
            <td
              class="mdc-data-table__cell rmwc-data-table__cell"
            >
              No Availability
            </td>
            <td
              class="mdc-data-table__cell rmwc-data-table__cell"
            />
          </tr>
        </tbody>
      </table>
    </div>
  </div>
</DocumentFragment>
`;
